
Running 1 test using 1 worker

  x  1 [chromium] › tests\take_bugfix_screenshots.spec.ts:3:5 › Take Bugfix Screenshots (2.3m)
  x  2 [chromium] › tests\take_bugfix_screenshots.spec.ts:3:5 › Take Bugfix Screenshots (retry #1) (2.2m)


  1) [chromium] › tests\take_bugfix_screenshots.spec.ts:3:5 › Take Bugfix Screenshots ──────────────

    Test timeout of 120000ms exceeded.

    Error: page.check: Test timeout of 120000ms exceeded.
    Call log:
      - waiting for locator('input[type="checkbox"]')


      28 |   await page.click('button:has-text("Weiter")');
      29 |   await page.waitForSelector('text=SCHRITT 3 VON 3');
    > 30 |   await page.check('input[type="checkbox"]');
         |              ^
      31 |   await page.click('button:has-text("Kostenpflichtig registrieren")');
      32 |   
      33 |   // Wait for login/dashboard
        at C:\Users\ezzel\Projects\ServiceApotheke_MegaProject\serviceapotheke-web\tests\take_bugfix_screenshots.spec.ts:30:14

    attachment #1: screenshot (image/png) ──────────────────────────────────────────────────────────
    test-results\take_bugfix_screenshots-Take-Bugfix-Screenshots-chromium\test-failed-1.png
    ────────────────────────────────────────────────────────────────────────────────────────────────

    attachment #2: video (video/webm) ──────────────────────────────────────────────────────────────
    test-results\take_bugfix_screenshots-Take-Bugfix-Screenshots-chromium\video.webm
    ────────────────────────────────────────────────────────────────────────────────────────────────

    Error Context: test-results\take_bugfix_screenshots-Take-Bugfix-Screenshots-chromium\error-context.md

    attachment #4: trace (application/zip) ─────────────────────────────────────────────────────────
    test-results\take_bugfix_screenshots-Take-Bugfix-Screenshots-chromium\trace.zip
    Usage:

        npx playwright show-trace test-results\take_bugfix_screenshots-Take-Bugfix-Screenshots-chromium\trace.zip

    ────────────────────────────────────────────────────────────────────────────────────────────────

    Retry #1 ───────────────────────────────────────────────────────────────────────────────────────

    Test timeout of 120000ms exceeded.

    Error: page.check: Test timeout of 120000ms exceeded.
    Call log:
      - waiting for locator('input[type="checkbox"]')


      28 |   await page.click('button:has-text("Weiter")');
      29 |   await page.waitForSelector('text=SCHRITT 3 VON 3');
    > 30 |   await page.check('input[type="checkbox"]');
         |              ^
      31 |   await page.click('button:has-text("Kostenpflichtig registrieren")');
      32 |   
      33 |   // Wait for login/dashboard
        at C:\Users\ezzel\Projects\ServiceApotheke_MegaProject\serviceapotheke-web\tests\take_bugfix_screenshots.spec.ts:30:14

    attachment #1: screenshot (image/png) ──────────────────────────────────────────────────────────
    test-results\take_bugfix_screenshots-Take-Bugfix-Screenshots-chromium-retry1\test-failed-1.png
    ────────────────────────────────────────────────────────────────────────────────────────────────

    attachment #2: video (video/webm) ──────────────────────────────────────────────────────────────
    test-results\take_bugfix_screenshots-Take-Bugfix-Screenshots-chromium-retry1\video.webm
    ────────────────────────────────────────────────────────────────────────────────────────────────

    Error Context: test-results\take_bugfix_screenshots-Take-Bugfix-Screenshots-chromium-retry1\error-context.md

    attachment #4: trace (application/zip) ─────────────────────────────────────────────────────────
    test-results\take_bugfix_screenshots-Take-Bugfix-Screenshots-chromium-retry1\trace.zip
    Usage:

        npx playwright show-trace test-results\take_bugfix_screenshots-Take-Bugfix-Screenshots-chromium-retry1\trace.zip

    ────────────────────────────────────────────────────────────────────────────────────────────────

  1 failed
    [chromium] › tests\take_bugfix_screenshots.spec.ts:3:5 › Take Bugfix Screenshots ───────────────
